// Jest Snapshot v1, https://goo.gl/fbAQLP

exports[`ConfettiAnimation renders correctly when it is the user's win 1`] = `
<DocumentFragment>
  <div
    class="sc-94caac3c-0 jfkWeT"
  />
</DocumentFragment>
`;

exports[`ConfettiAnimation renders correctly when it is the user's win 2`] = `
<DocumentFragment>
  <div
    class="sc-94caac3c-0 jfkWeT"
  />
</DocumentFragment>
`;
